#
# There is insufficient memory for the Java Runtime Environment to continue.
# Native memory allocation (mmap) failed to map 264241152 bytes for G1 virtual space
# Possible reasons:
#   The system is out of physical RAM or swap space
#   The process is running with CompressedOops enabled, and the Java Heap may be blocking the growth of the native heap
# Possible solutions:
#   Reduce memory load on the system
#   Increase physical memory or swap space
#   Check if swap backing store is full
#   Decrease Java heap size (-Xmx/-Xms)
#   Decrease number of Java threads
#   Decrease Java thread stack sizes (-Xss)
#   Set larger code cache with -XX:ReservedCodeCacheSize=
#   JVM is running with Zero Based Compressed Oops mode in which the Java heap is
#     placed in the first 32GB address space. The Java Heap base address is the
#     maximum limit for the native heap growth. Please use -XX:HeapBaseMinAddress
#     to set the Java Heap base and to place the Java Heap above 32GB virtual address.
# This output file may be truncated or incomplete.
#
#  Out of Memory Error (os_windows.cpp:3603), pid=9388, tid=26212
#
# JRE version:  (21.0.6+8) (build )
# Java VM: Java HotSpot(TM) 64-Bit Server VM (21.0.6+8-LTS-188, mixed mode, sharing, tiered, compressed oops, compressed class ptrs, g1 gc, windows-amd64)
# No core dump will be written. Minidumps are not enabled by default on client versions of Windows
#

---------------  S U M M A R Y ------------

Command Line: -Dfile.encoding=windows-1252 -Duser.country=US -Duser.language=en -Duser.variant com.squadGame.SquadGameApplication

Host: 11th Gen Intel(R) Core(TM) i5-1145G7 @ 2.60GHz, 8 cores, 15G,  Windows 11 , 64 bit Build 22000 (10.0.22000.2836)
Time: Mon Jul 14 21:43:46 2025 E. Africa Standard Time elapsed time: 0.042829 seconds (0d 0h 0m 0s)

---------------  T H R E A D  ---------------

Current thread (0x00000223a87ba640):  JavaThread "Unknown thread" [_thread_in_vm, id=26212, stack(0x000000d302d00000,0x000000d302e00000) (1024K)]

Stack: [0x000000d302d00000,0x000000d302e00000]
Native frames: (J=compiled Java code, j=interpreted, Vv=VM code, C=native code)
V  [jvm.dll+0x6ca6d9]
V  [jvm.dll+0x854f51]
V  [jvm.dll+0x85747e]
V  [jvm.dll+0x857b53]
V  [jvm.dll+0x27dcc6]
V  [jvm.dll+0x6c6e55]
V  [jvm.dll+0x6bb9da]
V  [jvm.dll+0x35393a]
V  [jvm.dll+0x35b596]
V  [jvm.dll+0x3adefe]
V  [jvm.dll+0x3ae1a8]
V  [jvm.dll+0x327cbc]
V  [jvm.dll+0x32881b]
V  [jvm.dll+0x81e309]
V  [jvm.dll+0x3babe1]
V  [jvm.dll+0x807658]
V  [jvm.dll+0x44fdae]
V  [jvm.dll+0x4519a1]
C  [jli.dll+0x52a3]
C  [ucrtbase.dll+0x26c0c]
C  [KERNEL32.DLL+0x153e0]
C  [ntdll.dll+0x485b]


---------------  P R O C E S S  ---------------

Threads class SMR info:
_java_thread_list=0x00007ffcd082cc08, length=0, elements={
}

Java Threads: ( => current thread )
Total: 0

Other Threads:
  0x00000223aa196b20 WorkerThread "GC Thread#0"                     [id=12092, stack(0x000000d302e00000,0x000000d302f00000) (1024K)]
  0x00000223aa1a7e50 ConcurrentGCThread "G1 Main Marker"            [id=25904, stack(0x000000d302f00000,0x000000d303000000) (1024K)]
  0x00000223aa1aa400 WorkerThread "G1 Conc#0"                       [id=15144, stack(0x000000d303000000,0x000000d303100000) (1024K)]

[error occurred during error reporting (printing all threads), id 0xc0000005, EXCEPTION_ACCESS_VIOLATION (0xc0000005) at pc=0x00007ffccff9a427]
VM state: not at safepoint (not fully initialized)

VM Mutex/Monitor currently owned by a thread:  ([mutex/lock_event])
[0x00007ffcd089df98] Heap_lock - owner thread: 0x00000223a87ba640

Heap address: 0x0000000705600000, size: 4010 MB, Compressed Oops mode: Zero based, Oop shift amount: 3

CDS archive(s) mapped at: [0x0000000000000000-0x0000000000000000-0x0000000000000000), size 0, SharedBaseAddress: 0x0000000800000000, ArchiveRelocationMode: 1.
Narrow klass base: 0x0000000000000000, Narrow klass shift: 0, Narrow klass range: 0x0

GC Precious Log:
 CardTable entry size: 512
 Card Set container configuration: InlinePtr #cards 4 size 8 Array Of Cards #cards 16 size 48 Howl #buckets 8 coarsen threshold 3686 Howl Bitmap #cards 512 size 80 coarsen threshold 460 Card regions per heap region 1 cards per card region 4096

Heap:
 garbage-first heap   total 0K, used 0K [0x0000000705600000, 0x0000000800000000)
  region size 2048K, 0 young (0K), 0 survivors (0K)

[error occurred during error reporting (printing heap information), id 0xc0000005, EXCEPTION_ACCESS_VIOLATION (0xc0000005) at pc=0x00007ffcd03836a9]
GC Heap History (0 events):
No events

Dll operation events (1 events):
Event: 0.024 Loaded shared library C:\Program Files\Java\jdk-21\bin\java.dll

Deoptimization events (0 events):
No events

Classes loaded (0 events):
No events

Classes unloaded (0 events):
No events

Classes redefined (0 events):
No events

Internal exceptions (0 events):
No events

ZGC Phase Switch (0 events):
No events

VM Operations (0 events):
No events

Events (0 events):
No events


Dynamic libraries:
0x00007ff63fb40000 - 0x00007ff63fb50000 	C:\Program Files\Java\jdk-21\bin\java.exe
0x00007ffd20f60000 - 0x00007ffd2116a000 	C:\Windows\SYSTEM32\ntdll.dll
0x00007ffd1ffb0000 - 0x00007ffd2006d000 	C:\Windows\System32\KERNEL32.DLL
0x00007ffd1e990000 - 0x00007ffd1ed15000 	C:\Windows\System32\KERNELBASE.dll
0x00007ffd1e6b0000 - 0x00007ffd1e7c1000 	C:\Windows\System32\ucrtbase.dll
0x00007ffd167c0000 - 0x00007ffd167d9000 	C:\Program Files\Java\jdk-21\bin\jli.dll
0x00007ffd166f0000 - 0x00007ffd1670b000 	C:\Program Files\Java\jdk-21\bin\VCRUNTIME140.dll
0x00007ffd20460000 - 0x00007ffd20511000 	C:\Windows\System32\ADVAPI32.dll
0x00007ffd1fe20000 - 0x00007ffd1fec3000 	C:\Windows\System32\msvcrt.dll
0x00007ffd20520000 - 0x00007ffd205c2000 	C:\Windows\System32\sechost.dll
0x00007ffd1e600000 - 0x00007ffd1e627000 	C:\Windows\System32\bcrypt.dll
0x00007ffd1f7c0000 - 0x00007ffd1f8e0000 	C:\Windows\System32\RPCRT4.dll
0x00007ffd1f410000 - 0x00007ffd1f5bc000 	C:\Windows\System32\USER32.dll
0x00007ffd0bb00000 - 0x00007ffd0bda5000 	C:\Windows\WinSxS\amd64_microsoft.windows.common-controls_6595b64144ccf1df_6.0.22000.2600_none_1b65155c6ae217ae\COMCTL32.dll
0x00007ffd1f790000 - 0x00007ffd1f7b9000 	C:\Windows\System32\GDI32.dll
0x00007ffd1ed20000 - 0x00007ffd1ed46000 	C:\Windows\System32\win32u.dll
0x00007ffd1d0b0000 - 0x00007ffd1d0ba000 	C:\Windows\SYSTEM32\VERSION.dll
0x00007ffd1e7d0000 - 0x00007ffd1e8ec000 	C:\Windows\System32\gdi32full.dll
0x00007ffd1e8f0000 - 0x00007ffd1e98d000 	C:\Windows\System32\msvcp_win.dll
0x00007ffd205d0000 - 0x00007ffd20601000 	C:\Windows\System32\IMM32.DLL
0x00000223a8880000 - 0x00000223a8896000 	C:\Windows\System32\umppc19706.dll
0x00007ffd167b0000 - 0x00007ffd167bc000 	C:\Program Files\Java\jdk-21\bin\vcruntime140_1.dll
0x00007ffd04810000 - 0x00007ffd0489e000 	C:\Program Files\Java\jdk-21\bin\msvcp140.dll
0x00007ffccfc60000 - 0x00007ffcd097a000 	C:\Program Files\Java\jdk-21\bin\server\jvm.dll
0x00007ffd20070000 - 0x00007ffd200df000 	C:\Windows\System32\WS2_32.dll
0x00007ffd1d610000 - 0x00007ffd1d65d000 	C:\Windows\SYSTEM32\POWRPROF.dll
0x00007ffd126e0000 - 0x00007ffd12713000 	C:\Windows\SYSTEM32\WINMM.dll
0x00007ffd1d4e0000 - 0x00007ffd1d4f3000 	C:\Windows\SYSTEM32\UMPDC.dll
0x00007ffd1d390000 - 0x00007ffd1d3a8000 	C:\Windows\SYSTEM32\kernel.appcore.dll
0x00007ffd166e0000 - 0x00007ffd166ea000 	C:\Program Files\Java\jdk-21\bin\jimage.dll
0x00007ffd1ba50000 - 0x00007ffd1bc71000 	C:\Windows\SYSTEM32\DBGHELP.DLL
0x00007ffcf88b0000 - 0x00007ffcf88e1000 	C:\Windows\SYSTEM32\dbgcore.DLL
0x00007ffd1e630000 - 0x00007ffd1e6af000 	C:\Windows\System32\bcryptPrimitives.dll
0x00007ffd166c0000 - 0x00007ffd166df000 	C:\Program Files\Java\jdk-21\bin\java.dll

dbghelp: loaded successfully - version: 4.0.5 - missing functions: none
symbol engine: initialized successfully - sym options: 0x614 - pdb path: .;C:\Program Files\Java\jdk-21\bin;C:\Windows\SYSTEM32;C:\Windows\WinSxS\amd64_microsoft.windows.common-controls_6595b64144ccf1df_6.0.22000.2600_none_1b65155c6ae217ae;C:\Program Files\Java\jdk-21\bin\server

VM Arguments:
jvm_args: -Dfile.encoding=windows-1252 -Duser.country=US -Duser.language=en -Duser.variant 
java_command: com.squadGame.SquadGameApplication
java_class_path (initial): C:\Users\AKAI\OneDrive - SAFARICOM PLC\Desktop\SOFTWARE ENGINEERING\squadGame\build\classes\java\main;C:\Users\AKAI\OneDrive - SAFARICOM PLC\Desktop\SOFTWARE ENGINEERING\squadGame\build\resources\main;C:\Users\AKAI\.gradle\caches\modules-2\files-2.1\org.springframework.boot\spring-boot-starter-data-jpa\3.5.3\8494346cf0bdb148ef29d5f41647b0cd6908ad7d\spring-boot-starter-data-jpa-3.5.3.jar;C:\Users\AKAI\.gradle\caches\modules-2\files-2.1\org.springframework.boot\spring-boot-starter-web\3.5.3\4ba7817f958e9a0b0f642af98440affd0c7e2ee0\spring-boot-starter-web-3.5.3.jar;C:\Users\AKAI\.gradle\caches\modules-2\files-2.1\org.postgresql\postgresql\42.7.7\67f8093e8d8104c74bbf588392ac3229803f5d17\postgresql-42.7.7.jar;C:\Users\AKAI\.gradle\caches\modules-2\files-2.1\org.springframework.boot\spring-boot-starter-jdbc\3.5.3\427ff2d6cc12a5e503b1be8508db08f0c05098c0\spring-boot-starter-jdbc-3.5.3.jar;C:\Users\AKAI\.gradle\caches\modules-2\files-2.1\org.springframework.boot\spring-boot-starter-json\3.5.3\fe424c3edf444e65e3c3331a1538d31396225a3b\spring-boot-starter-json-3.5.3.jar;C:\Users\AKAI\.gradle\caches\modules-2\files-2.1\org.springframework.boot\spring-boot-starter\3.5.3\b978e45d89b92eedaa09d0993bed91bcf00153d4\spring-boot-starter-3.5.3.jar;C:\Users\AKAI\.gradle\caches\modules-2\files-2.1\org.hibernate.orm\hibernate-core\6.6.18.Final\c3d150af4c341a7b07c75a8905bfbba895e73fbc\hibernate-core-6.6.18.Final.jar;C:\Users\AKAI\.gradle\caches\modules-2\files-2.1\org.springframework.data\spring-data-jpa\3.5.1\7d34c2d8c8bcd96f5ce3f012c2a88d682a86e14b\spring-data-jpa-3.5.1.jar;C:\Users\AKAI\.gradle\caches\modules-2\files-2.1\org.springframework\spring-aspects\6.2.8\30cd83452beef146187bee60a824fe3ae7197d85\spring-aspects-6.2.8.jar;C:\Users\AKAI\.gradle\caches\modules-2\files-2.1\org.springframework.boot\spring-boot-starter-tomcat\3.5.3\490bccd84af19bddcb955e722c8dcebc34cb2193\spring-boot-starter-tomcat-3.5.3.jar;C:\Users\AKAI\.gradle\caches\modules-2\files-2.1\org.springframework\spring-webmvc\6.2.8\a98cbaba4b55b4fee2d752041130e2e0f7014b27\spring-webmvc-6.2.8.jar;C:\Users\AKAI\.gradle\caches\modules-2\files-2.1\org.springframework\spring-web\6.2.8\7b6a4ffb12639779721bc5adbc7f5ba80db72ff9\spring-web-6.2.8.jar;C:\Users\AKAI\.gradle\caches\modules-2\files-2.1\org.checkerframework\checker-qual\3.49.3\119a4df4ba2e6a432b23989a785f81be38a56849\checker-qual-3.49.3.jar;C:\Users\AKAI\.gradle\caches\modules-2\files-2.1\org.springframework.boot\spring-boot-autoconfigure\3.5.3\b03483a9d3c480d064c8380e2d78ea3593ca6cb8\spring-boot-autoconfigure-3.5.3.jar;C:\Users\AKAI\.gradle\caches\modules-2\files-2.1\org.springframework.boot\spring-boot\3.5.3\1b02976773afc2489df3c22000acaf83d0ada2b2\spring-boot-3.5.3.jar;C:\Users\AKAI\.gradle\caches\modules-2\files-2.1\org.springframework.boot\spring-boot-starter-logging\3.5.3\7013c1aff95fd599eb291fe34924c59d1ea88c5b\spring-boot-starter-logging-3.5.3.jar;C:\Users\AKAI\.gradle\caches\modules-2\files-2.1\jakarta.annotation\jakarta.annotation-api\2.1.1\48b9bda22b091b1f48b13af03fe36db3be6e1ae3\jakarta.annotation-api-2.1.1.jar;C:\Users\AKAI\.gradle\caches\modules-2\files-2.1\org.springframework\spring-orm\6.2.8\3bfe2a04c09ad1d7738b16e6e4636a7255be3af8\spring-orm-6.2.8.jar;C:\Users\AKAI\.gradle\caches\modules-2\files-2.1\org.springframework\spring-jdbc\6.2.8\2927be130aa08d6513804a048eb6065ab5c51a1d\spring-jdbc-6.2.8.jar;C:\Users\AKAI\.gradle\caches\modules-2\files-2.1\org.springframework.data\spring-data-commons\3.5.1\90bd3f9edcc3b98e0d49657f3f2152e933b42ae8\spring-data-commons-3.5.1.jar;C:\Users\AKAI\.gradle\caches\modules-2\files-2.1\org.springframework\spring-context\6.2.8\9db99fe5f92f587e8f2b26b34a7f42260169925a\spring-context-6.2.8.jar;C:\Users\AKAI\.gradle\caches\modules-2\files-2.1\org.springframework\spring-aop\6.2.8\435fb310d5f464050b91ac3cb1a7f217a471e62e\spring-aop-6.2.8.jar;C:\Users\AKAI\.gradle\caches\modules-2\files-2.1\org.springframework\spring-tx\6.2.8\6b2eecf34f0810dd989f7e7bfa8fd8c86fe28dfb\spring-tx-6.2.8.jar;C:\Users\AKAI\.gradle\caches\modules-2\files-2.1\org.springframework\spring-beans\6.2.8\9da1e690f343c30b6ed6eabd5f60ecc5dd0b225a\spring-beans-6.2.8.jar;C:\Users\AKAI\.gradle\caches\modules-2\files-2.1\org.springframework\spring-expression\6.2.8\19e6618120fab6a572880675e1c0af676c7aa4ac\spring-expression-6.2.8.jar;C:\Users\AKAI\.gradle\caches\modules-2\files-2.1\org.springframework\spring-core\6.2.8\2caf1cef93252f5ef2b7f334b8b4d61f3aecad15\spring-core-6.2.8.jar;C:\Users\AKAI\.gradle\caches\modules-2\files-2.1\org.yaml\snakeyaml\2.4\e0666b825b796f85521f02360e77f4c92c5a7a07\snakeyaml-2.4.jar;C:\Users\AKAI\.gradle\caches\modules-2\files-2.1\com.zaxxer\HikariCP\6.3.0\bebd113244c9d9926c6b792f28110ed6380cacc2\HikariCP-6.3.0.jar;C:\Users\AKAI\.gradle\caches\modules-2\files-2.1\jakarta.persistence\jakarta.persistence-api\3.1.0\66901fa1c373c6aff65c13791cc11da72060a8d6\jakarta.persistence-api-3.1.0.jar;C:\Users\AKAI\.gradle\caches\modules-2\files-2.1\jakarta.transaction\jakarta.transaction-api\2.0.1\51a520e3fae406abb84e2e1148e6746ce3f80a1a\jakarta.transaction-api-2.0.1.jar;C:\Users\AKAI\.gradle\caches\modules-2\files-2.1\org.jboss.logging\jboss-logging\3.6.1.Final\886afbb445b4016a37c8960a7aef6ebd769ce7e5\jboss-logging-3.6.1.Final.jar;C:\Users\AKAI\.gradle\caches\modules-2\files-2.1\org.hibernate.common\hibernate-commons-annotations\7.0.3.Final\e183c4be8bb41d12e9f19b374e00c34a0a85f439\hibernate-commons-annotations-7.0.3.Final.jar;C:\Users\AKAI\.gradle\caches\modules-2\files-2.1\io.smallrye\jandex\3.2.0\f17ad860f62a08487b9edabde608f8ac55c62fa7\jandex-3.2.0.jar;C:\Users\AKAI\.gradle\caches\modules-2\files-2.1\com.fasterxml\classmate\1.7.0\e98374da1f2143ac8e6e0a95036994bb19137a3\classmate-1.7.0.jar;C:\Users\AKAI\.gradle\caches\modules-2\files-2.1\net.bytebuddy\byte-buddy\1.17.6\8c70cbc6950b2ae5291a98d5003e06406d633803\byte-buddy-1.17.6.jar;C:\Users\AKAI\.gradle\caches\modules-2\files-2.1\org.glassfish.jaxb\jaxb-runtime\4.0.5\ca84c2a7169b5293e232b9d00d1e4e36d4c3914a\jaxb-runtime-4.0.5.jar;C:\Users\AKAI\.gradle\caches\modules-2\files-2.1\org.glassfish.jaxb\jaxb-core\4.0.5\7b4b11ea5542eea4ad55e1080b23be436795b3\jaxb-core-4.0.5.jar;C:\Users\AKAI\.gradle\caches\modules-2\files-2.1\jakarta.xml.bind\jakarta.xml.bind-api\4.0.2\6cd5a999b834b63238005b7144136379dc36cad2\jakarta.xml.bind-api-4.0.2.jar;C:\Users\AKAI\.gradle\caches\modules-2\files-2.1\jakarta.inject\jakarta.inject-api\2.0.1\4c28afe1991a941d7702fe1362c365f0a8641d1e\jakarta.inject-api-2.0.1.jar;C:\Users\AKAI\.gradle\caches\modules-2\files-2.1\org.antlr\antlr4-runtime\4.13.0\5a02e48521624faaf5ff4d99afc88b01686af655\antlr4-runtime-4.13.0.jar;C:\Users\AKAI\.gradle\caches\modules-2\files-2.1\ch.qos.logback\logback-classic\1.5.18\fc371f3fc97a639de2d67947cffb7518ec5e3d40\logback-classic-1.5.18.jar;C:\Users\AKAI\.gradle\caches\modules-2\files-2.1\org.apache.logging.log4j\log4j-to-slf4j\2.24.3\da1143e2a2531ee1c2d90baa98eb50a28a39d5a7\log4j-to-slf4j-2.24.3.jar;C:\Users\AKAI\.gradle\caches\modules-2\files-2.1\org.slf4j\jul-to-slf4j\2.0.17\524cb6ccc2b68a57604750e1ab8b13b5a786a6aa\jul-to-slf4j-2.0.17.jar;C:\Users\AKAI\.gradle\caches\modules-2\files-2.1\org.slf4j\slf4j-api\2.0.17\d9e58ac9c7779ba3bf8142aff6c830617a7fe60f\slf4j-api-2.0.17.jar;C:\Users\AKAI\.gradle\caches\modules-2\files-2.1\org.aspectj\aspectjweaver\1.9.24\9b5aeb0cea9f958b9c57fb80e62996e95a3e9379\aspectjweaver-1.9.24.jar;C:\Users\AKAI\.gradle\caches\modules-2\files-2.1\com.fasterxml.jackson.datatype\jackson-datatype-jsr310\2.19.1\e9df57105f3b0730040ad7f3a1b603684a3329f4\jackson-datatype-jsr310-2.19.1.jar;C:\Users\AKAI\.gradle\caches\modules-2\files-2.1\com.fasterxml.jackson.module\jackson-module-parameter-names\2.19.1\133a9dc4ff2413035dc7ca8a9aa6a1da3667ddfb\jackson-module-parameter-names-2.19.1.jar;C:\Users\AKAI\.gradle\caches\modules-2\files-2.1\com.fasterxml.jackson.core\jackson-annotations\2.19.1\37e4f0c5dba684e00137defdb04ad9df95920c44\jackson-annotations-2.19.1.jar;C:\Users\AKAI\.gradle\caches\modules-2\files-2.1\com.fasterxml.jackson.core\jackson-core\2.19.1\6e5a8cb8a6cada322497cefb7726657d98aaee15\jackson-core-2.19.1.jar;C:\Users\AKAI\.gradle\caches\modules-2\files-2.1\com.fasterxml.jackson.datatype\jackson-datatype-jdk8\2.19.1\eabbc99d0e146b1a7085fddd02568faf1d3b4ab1\jackson-datatype-jdk8-2.19.1.jar;C:\Users\AKAI\.gradle\caches\modules-2\files-2.1\com.fasterxml.jackson.core\jackson-databind\2.19.1\e8cb8e76faea3e0791165f5d3614fc45933b2ee0\jackson-databind-2.19.1.jar;C:\Users\AKAI\.gradle\caches\modules-2\files-2.1\org.apache.tomcat.embed\tomcat-embed-websocket\10.1.42\e47e420583a372feaece0dc9b8a9a63c4bfcd093\tomcat-embed-websocket-10.1.42.jar;C:\Users\AKAI\.gradle\caches\modules-2\files-2.1\org.apache.tomcat.embed\tomcat-embed-core\10.1.42\8906a203edef16fa6013635925bf9f5d1dbe5639\tomcat-embed-core-10.1.42.jar;C:\Users\AKAI\.gradle\caches\modules-2\files-2.1\org.apache.tomcat.embed\tomcat-embed-el\10.1.42\a82416ce2960c50ee8150c9229e058b826e070a8\tomcat-embed-el-10.1.42.jar;C:\Users\AKAI\.gradle\caches\modules-2\files-2.1\io.micrometer\micrometer-observation\1.15.1\3d0a62a46350707984e3600297cc8e08c4722399\micrometer-observation-1.15.1.jar;C:\Users\AKAI\.gradle\caches\modules-2\files-2.1\org.springframework\spring-jcl\6.2.8\b806d8d270a8eebaca56f6b4dae8f627460b0d4e\spring-jcl-6.2.8.jar;C:\Users\AKAI\.gradle\caches\modules-2\files-2.1\org.eclipse.angus\angus-activation\2.0.2\41f1e0ddd157c856926ed149ab837d110955a9fc\angus-activation-2.0.2.jar;C:\Users\AKAI\.gradle\caches\modules-2\files-2.1\jakarta.activation\jakarta.activation-api\2.1.3\fa165bd70cda600368eee31555222776a46b881f\jakarta.activation-api-2.1.3.jar;C:\Users\AKAI\.gradle\caches\modules-2\files-2.1\io.micrometer\micrometer-commons\1.15.1\43cbe2327f4e3f5cbfda6be64418c66b9b62f4ec\micrometer-commons-1.15.1.jar;C:\Users\AKAI\.gradle\caches\modules-2\files-2.1\ch.qos.logback\logback-core\1.5.18\6c0375624f6f36b4e089e2488ba21334a11ef13f\logback-core-1.5.18.jar;C:\Users\AKAI\.gradle\caches\modules-2\files-2.1\org.apache.logging.log4j\log4j-api\2.24.3\b02c125db8b6d295adf72ae6e71af5d83bce2370\log4j-api-2.24.3.jar;C:\Users\AKAI\.gradle\caches\modules-2\files-2.1\org.glassfish.jaxb\txw2\4.0.5\f36a4ef12120a9bb06d766d6a0e54b144fd7ed98\txw2-4.0.5.jar;C:\Users\AKAI\.gradle\caches\modules-2\files-2.1\com.sun.istack\istack-commons-runtime\4.1.2\18ec117c85f3ba0ac65409136afa8e42bc74e739\istack-commons-runtime-4.1.2.jar
Launcher Type: SUN_STANDARD

[Global flags]
     intx CICompilerCount                          = 4                                         {product} {ergonomic}
     uint ConcGCThreads                            = 2                                         {product} {ergonomic}
     uint G1ConcRefinementThreads                  = 8                                         {product} {ergonomic}
   size_t G1HeapRegionSize                         = 2097152                                   {product} {ergonomic}
    uintx GCDrainStackTargetSize                   = 64                                        {product} {ergonomic}
   size_t InitialHeapSize                          = 264241152                                 {product} {ergonomic}
   size_t MarkStackSize                            = 4194304                                   {product} {ergonomic}
   size_t MaxHeapSize                              = 4204789760                                {product} {ergonomic}
   size_t MinHeapDeltaBytes                        = 2097152                                   {product} {ergonomic}
   size_t MinHeapSize                              = 8388608                                   {product} {ergonomic}
    uintx NonNMethodCodeHeapSize                   = 5839372                                {pd product} {ergonomic}
    uintx NonProfiledCodeHeapSize                  = 122909434                              {pd product} {ergonomic}
    uintx ProfiledCodeHeapSize                     = 122909434                              {pd product} {ergonomic}
    uintx ReservedCodeCacheSize                    = 251658240                              {pd product} {ergonomic}
     bool SegmentedCodeCache                       = true                                      {product} {ergonomic}
   size_t SoftMaxHeapSize                          = 4204789760                             {manageable} {ergonomic}
     bool UseCompressedOops                        = true                           {product lp64_product} {ergonomic}
     bool UseG1GC                                  = true                                      {product} {ergonomic}
     bool UseLargePagesIndividualAllocation        = false                                  {pd product} {ergonomic}

Logging:
Log output configuration:
 #0: stdout all=warning uptime,level,tags foldmultilines=false
 #1: stderr all=off uptime,level,tags foldmultilines=false

Environment Variables:
JAVA_HOME=C:\Program Files\Java\jdk-21
PATH=C:\Program Files\Common Files\Oracle\Java\javapath;C:\Windows\system32;C:\Windows;C:\Windows\System32\Wbem;C:\Windows\System32\WindowsPowerShell\v1.0\;C:\Windows\System32\OpenSSH\;C:\Program Files (x86)\Sennheiser\SenncomSDK\;C:\Program Files\nodejs\;C:\Program Files\PuTTY\;C:\Program Files\Java\jdk-21\bin;C:\Users\AKAI\AppData\Local\Microsoft\WindowsApps;C:\Users\AKAI\AppData\Local\Programs\Git\cmd;C:\Users\AKAI\AppData\Local\Programs\Microsoft VS Code\bin;C:\Users\AKAI\AppData\Roaming\npm;C:\Program Files\heroku\bin;C:\Users\AKAI\AppData\Local\Programs\mongosh\;C:\Program Files\JetBrains\IntelliJ IDEA Community Edition 2023.1\bin;;C:\Program Files\gradle-8.0.2\bin;C:\Program Files\PostgreSQL\15\bin;
USERNAME=AKai
OS=Windows_NT
PROCESSOR_IDENTIFIER=Intel64 Family 6 Model 140 Stepping 1, GenuineIntel
TMP=C:\Users\AKAI\AppData\Local\Temp
TEMP=C:\Users\AKAI\AppData\Local\Temp




Periodic native trim disabled

---------------  S Y S T E M  ---------------

OS:
 Windows 11 , 64 bit Build 22000 (10.0.22000.2836)
OS uptime: 0 days 12:51 hours
Hyper-V role detected

CPU: total 8 (initial active 8) (4 cores per cpu, 2 threads per core) family 6 model 140 stepping 1 microcode 0x86, cx8, cmov, fxsr, ht, mmx, 3dnowpref, sse, sse2, sse3, ssse3, sse4.1, sse4.2, popcnt, lzcnt, tsc, tscinvbit, avx, avx2, aes, erms, clmul, bmi1, bmi2, adx, avx512f, avx512dq, avx512cd, avx512bw, avx512vl, sha, fma, vzeroupper, avx512_vpopcntdq, avx512_vpclmulqdq, avx512_vaes, avx512_vnni, clflush, clflushopt, clwb, avx512_vbmi2, avx512_vbmi, hv, rdtscp, rdpid, fsrm, gfni, avx512_bitalg, f16c, cet_ibt, cet_ss, avx512_ifma
Processor Information for all 8 processors :
  Max Mhz: 2611, Current Mhz: 1104, Mhz Limit: 1096

Memory: 4k page, system-wide physical 16034M (1677M free)
TotalPageFile size 18934M (AvailPageFile size 329M)
current process WorkingSet (physical memory assigned to process): 11M, peak: 11M
current process commit charge ("private bytes"): 60M, peak: 312M

vm_info: Java HotSpot(TM) 64-Bit Server VM (21.0.6+8-LTS-188) for windows-amd64 JRE (21.0.6+8-LTS-188), built on 2024-12-03T10:50:54Z by "mach5one" with MS VC++ 17.6 (VS2022)

END.
